Hi, this is a test file!